---
source: crates/syntax/tests/highlights.rs
expression: render(&path)
---
language: pascal
keyword                  program
punctuation.delimiter    ;
comment                  { A greeting, twice. }
keyword                  uses
punctuation.delimiter    ;
keyword                  function
function                 Render
punctuation.bracket      (
keyword                  const
variable.parameter       Name
punctuation.delimiter    :
keyword                  string
punctuation.delimiter    ;
variable.parameter       Times
punctuation.delimiter    :
type                     Integer
punctuation.bracket      )
punctuation.delimiter    :
type                     string
punctuation.delimiter    ;
keyword                  var
variable                 I
punctuation.delimiter    :
type                     Integer
punctuation.delimiter    ;
keyword                  begin
operator                 :=
string                   ''
punctuation.delimiter    ;
keyword                  for
operator                 :=
number                   1
keyword                  to
keyword                  do
operator                 :=
operator                 +
function                 Format
punctuation.bracket      (
string                   'Hello, %s! '
punctuation.delimiter    ,
punctuation.bracket      [
punctuation.bracket      ])
punctuation.delimiter    ;
keyword                  end
punctuation.delimiter    ;
keyword                  begin
function                 WriteLn
punctuation.bracket      (
function                 Render
punctuation.bracket      (
string                   'world'
punctuation.delimiter    ,
number                   2
punctuation.bracket      ))
punctuation.delimiter    ;
keyword                  end
punctuation.delimiter    .
