---
source: crates/syntax/tests/highlights.rs
expression: render(&path)
---
language: scala
keyword                  package
comment                  // A greeting, twice.
keyword                  case
keyword                  class
type                     Greeting
punctuation.bracket      (
variable.parameter       name
type                     String
punctuation.delimiter    ,
variable.parameter       times
type                     Int
number                   2
punctuation.bracket      )
keyword                  def
function                 render
type                     String
type                     Seq
punctuation.delimiter    .
property                 fill
punctuation.bracket      (
punctuation.bracket      )(
function                 s
string                   "Hello, 
punctuation.special      $
string                   name!"
punctuation.bracket      )
punctuation.delimiter    .
property                 mkString
punctuation.bracket      (
string                   " "
punctuation.bracket      )
keyword                  object
type                     Main
keyword                  def
function                 main
punctuation.bracket      (
variable.parameter       args
type                     Array
punctuation.bracket      [
type                     String
punctuation.bracket      ])
type                     Unit
keyword                  val
variable                 greeting
type                     Greeting
punctuation.bracket      (
string                   "world"
punctuation.bracket      )
function                 println
punctuation.bracket      (
punctuation.delimiter    .
property                 render
punctuation.bracket      )
keyword.directive        import
module                   scala
punctuation.delimiter    .
punctuation.delimiter    .
keyword                  object
type                     Count
operator                 @
type                     tailrec
keyword                  def
function                 down
punctuation.bracket      (
variable.parameter       n
type                     Int
punctuation.bracket      )
type                     Int
keyword                  if
operator                 <=
number                   0
keyword                  then
number                   0
keyword                  else
function                 down
punctuation.bracket      (
operator                 -
number                   1
punctuation.bracket      )
