---
source: crates/syntax/tests/highlights.rs
expression: render(&path)
---
language: lua
comment                  -- Greets everyone.
keyword                  local
keyword                  function
function                 greet
punctuation.bracket      (
variable.parameter       name
punctuation.bracket      )
keyword                  return
string                   "Hello, "
operator                 ..
variable                 name
keyword                  end
keyword                  for
variable                 i
operator                 =
number                   1
punctuation.delimiter    ,
number                   3
keyword                  do
function.builtin         print
punctuation.bracket      (
function                 greet
punctuation.bracket      (
variable                 i
punctuation.bracket      ))
keyword                  end
