---
source: crates/syntax/tests/highlights.rs
expression: render(&path)
---
language: html
constant                 <!DOCTYPE html
punctuation.bracket      >
punctuation.bracket      <
tag                      html
attribute                lang
string                   en
punctuation.bracket      >
comment                  <!-- A page -->
punctuation.bracket      <
tag                      head
punctuation.bracket      >
punctuation.bracket      <
tag                      style
punctuation.bracket      >
tag                      p
punctuation.bracket      {
property                 color
punctuation.delimiter    :
punctuation.delimiter    ;
punctuation.bracket      }</
tag                      style
punctuation.bracket      >
punctuation.bracket      <
tag                      script
attribute                type
string                   application/ld+json
punctuation.bracket      >{
string                   "name"
string                   "demo"
punctuation.bracket      }</
tag                      script
punctuation.bracket      >
punctuation.bracket      </
tag                      head
punctuation.bracket      >
punctuation.bracket      <
tag                      body
attribute                class
string                   main
punctuation.bracket      >
punctuation.bracket      <
tag                      p
punctuation.bracket      >
punctuation.bracket      <
tag                      b
punctuation.bracket      >
punctuation.bracket      </
tag                      b
punctuation.bracket      >
punctuation.bracket      </
tag                      p
punctuation.bracket      >
punctuation.bracket      <
tag                      script
punctuation.bracket      >
keyword                  const
variable                 count
operator                 =
number                   42
punctuation.delimiter    ;
variable.builtin         console
punctuation.delimiter    .
function.method          log
punctuation.bracket      (
string                   `count: 
punctuation.special      ${
variable                 count
punctuation.special      }
string                   `
punctuation.bracket      )
punctuation.delimiter    ;
punctuation.bracket      </
tag                      script
punctuation.bracket      >
punctuation.bracket      </
tag                      body
punctuation.bracket      >
punctuation.bracket      </
tag                      html
punctuation.bracket      >
