---
source: crates/syntax/tests/highlights.rs
expression: render(&path)
---
language: powershell
comment                  # Lists files.
keyword                  param
type                     string
variable                 $Path
string                   "."
function                 Get-ChildItem
variable                 $Path
function                 Where-Object
variable                 $_
property                 Length
operator                 -gt
number                   100
function                 Write-Host
string                   "Done"
