---
source: crates/syntax/tests/highlights.rs
expression: render(&path)
---
language: json
string.special.key       "name"
string                   "birchpad"
string.special.key       "version"
number                   1
string.special.key       "tags"
string                   "editor"
constant.builtin         true
constant.builtin         null
string.special.key       "nested"
string.special.key       "path"
string                   "C:
escape                   \\
string                   Users"
string.special.key       "ratio"
number                   -1.5e3
