---
source: crates/syntax/tests/highlights.rs
expression: render(&path)
---
language: markdown
punctuation.special      #
markup.heading           Title
punctuation.special      - 
punctuation.special      - 
punctuation.delimiter    ```
markup.raw               rust\nfn main() {}\n
punctuation.delimiter    ```
markup.raw               \n
