---
source: crates/syntax/tests/highlights.rs
expression: render(&path)
---
language: rust
keyword                  use
punctuation.delimiter    ::
punctuation.delimiter    ;
comment.documentation    /// A greeter.\n
attribute                #
punctuation.bracket      [
attribute                derive
punctuation.bracket      (
constructor              Debug
punctuation.bracket      )]
keyword                  struct
type                     Greeter
punctuation.bracket      <
operator                 '
label                    a
punctuation.bracket      >
punctuation.bracket      {
property                 name
punctuation.delimiter    :
operator                 &'
label                    a
type.builtin             str
punctuation.delimiter    ,
punctuation.bracket      }
keyword                  fn
function                 main
punctuation.bracket      ()
punctuation.bracket      {
keyword                  let
constant.builtin         42_u8
punctuation.delimiter    ;
function.macro           println!
punctuation.bracket      (
string                   "Hello, {}!"
punctuation.delimiter    ,
punctuation.bracket      )
punctuation.delimiter    ;
punctuation.bracket      }
