---
source: crates/syntax/tests/highlights.rs
expression: render(&path)
---
language: elixir
keyword                  defmodule
module                   Greeting
keyword                  do
comment                  @moduledoc
comment                  "A greeting, twice."
keyword                  def
function                 render
punctuation.bracket      (
variable                 name
punctuation.delimiter    ,
variable                 times
operator                 \\
number                   2
punctuation.bracket      )
keyword                  when
function                 is_binary
punctuation.bracket      (
variable                 name
punctuation.bracket      )
keyword                  do
number                   1
operator                 ..
variable                 times
operator                 |>
module                   Enum
operator                 .
function                 map
punctuation.bracket      (
keyword                  fn
comment                  _
operator                 ->
string                   "Hello, 
punctuation.special      #{
variable                 name
punctuation.special      }
string                   !"
keyword                  end
punctuation.bracket      )
operator                 |>
module                   Enum
operator                 .
function                 join
punctuation.bracket      (
string                   " "
punctuation.bracket      )
keyword                  end
keyword                  end
module                   IO
operator                 .
function                 puts
punctuation.bracket      (
module                   Greeting
operator                 .
function                 render
punctuation.bracket      (
string                   "world"
punctuation.bracket      ))
string.special           :ok
keyword                  defmodule
module                   Greeting.Config
keyword                  do
attribute                @default_times
number                   2
attribute                @enforce_keys
punctuation.bracket      [
string.special           :name
punctuation.bracket      ]
keyword                  defstruct
string.special           name: 
constant                 nil
punctuation.delimiter    ,
string.special           times: 
attribute                @default_times
keyword                  def
function                 default
punctuation.delimiter    ,
string.special           do: 
punctuation              %
constant.builtin         __MODULE__
punctuation.bracket      {
string.special           name: 
string                   "world"
punctuation.bracket      }
keyword                  end
