---
source: crates/syntax/tests/highlights.rs
expression: render(&path)
---
language: proto
keyword.directive        syntax
operator                 =
string.special           "proto3"
punctuation.delimiter    ;
keyword                  package
module                   demo
punctuation.delimiter    .
module                   v1
punctuation.delimiter    ;
comment                  // A greeting, twice.
keyword                  message
type                     Greeting
punctuation.bracket      {
type.builtin             string
property                 name
operator                 =
number                   1
punctuation.delimiter    ;
type.builtin             int32
property                 times
operator                 =
number                   2
punctuation.delimiter    ;
keyword                  repeated
type.builtin             string
property                 tags
operator                 =
number                   3
punctuation.delimiter    ;
punctuation.bracket      }
keyword                  service
type                     Greeter
punctuation.bracket      {
keyword                  rpc
function.method          Greet
punctuation.bracket      (
type                     Greeting
punctuation.bracket      )
keyword                  returns
punctuation.bracket      (
type                     Greeting
punctuation.bracket      )
punctuation.delimiter    ;
punctuation.bracket      }
