---
source: crates/syntax/tests/highlights.rs
expression: render(&path)
---
language: typescript
comment                  // A greeter.
keyword                  interface
type                     Greeter
punctuation.bracket      {
property                 greet
punctuation.bracket      (
variable.parameter       name
type.builtin             string
punctuation.bracket      )
type.builtin             string
punctuation.delimiter    ;
punctuation.bracket      }
keyword                  type
type                     Id
operator                 =
type.builtin             number
operator                 |
constant.builtin         undefined
punctuation.delimiter    ;
keyword                  export
keyword                  const
variable                 greeter
type                     Greeter
operator                 =
punctuation.bracket      {
function.method          greet
punctuation.bracket      (
variable.parameter       n
punctuation.bracket      )
operator                 =>
string                   `Hello, 
punctuation.special      ${
variable                 n
punctuation.special      }
string                   `
punctuation.bracket      }
punctuation.delimiter    ;
keyword                  const
variable                 limit
type                     Id
operator                 =
number                   42
punctuation.delimiter    ;
