---
source: crates/syntax/tests/highlights.rs
expression: render(&path)
---
language: swift
keyword                  import
variable                 Foundation
comment.documentation    /// A greeting, twice.
keyword                  struct
type                     Greeting
punctuation.bracket      {
keyword                  let
variable.member          name
punctuation.delimiter    :
type                     String
keyword                  var
variable.member          times
operator                 =
number                   2
keyword                  func
function.method          render
punctuation.bracket      ()
operator                 ->
type                     String
punctuation.bracket      {
punctuation.bracket      (
number                   0
operator                 ..<
variable                 times
punctuation.bracket      )
punctuation.delimiter    .
function                 map
punctuation.bracket      {
variable                 _
keyword.operator         in
string                   "Hello, 
punctuation.special      \(
variable                 name
punctuation.special      )
string                   !"
punctuation.bracket      }
punctuation.delimiter    .
function                 joined
punctuation.bracket      (
variable.member          separator
punctuation.delimiter    :
string                   " "
punctuation.bracket      )
punctuation.bracket      }
punctuation.bracket      }
keyword                  let
variable                 greeting
operator                 =
function                 Greeting
punctuation.bracket      (
variable.member          name
punctuation.delimiter    :
string                   "world"
punctuation.bracket      )
function                 print
punctuation.bracket      (
variable                 greeting
punctuation.delimiter    .
function                 render
punctuation.bracket      ())
