---
source: crates/syntax/tests/highlights.rs
expression: render(&path)
---
language: graphql
comment                  # A greeting, twice.
keyword                  type
type                     Greeting
punctuation.bracket      {
property                 name
punctuation.delimiter    :
type                     String
operator                 !
property                 times
punctuation.delimiter    :
type                     Int
punctuation.bracket      }
keyword                  query
function                 Greet
punctuation.bracket      (
punctuation.delimiter    $
variable                 name
punctuation.delimiter    :
type                     String
operator                 !
punctuation.delimiter    ,
punctuation.delimiter    $
variable                 times
punctuation.delimiter    :
type                     Int
operator                 =
number                   2
punctuation.bracket      )
punctuation.bracket      {
property                 greeting
punctuation.bracket      (
variable.parameter       name
punctuation.delimiter    :
punctuation.delimiter    $
variable                 name
punctuation.bracket      )
attribute                @cached
punctuation.bracket      {
property                 name
property                 times
punctuation.bracket      }
punctuation.bracket      }
string                   """\nA greeting with a description.\n"""
keyword                  input
type                     GreetingInput
punctuation.bracket      {
variable.parameter       name
punctuation.delimiter    :
type                     String
operator                 =
string                   "world"
punctuation.bracket      }
