---
source: crates/syntax/tests/highlights.rs
expression: render(&path)
---
language: cmake
function.builtin         cmake_minimum_required
punctuation.bracket      (
constant                 VERSION
punctuation.bracket      )
function.builtin         project
punctuation.bracket      (
constant                 LANGUAGES
constant                 CXX
punctuation.bracket      )
comment                  # The demo program.
function.builtin         set
punctuation.bracket      (
variable                 CMAKE_CXX_STANDARD
punctuation.bracket      )
function.builtin         add_executable
punctuation.bracket      (
punctuation.bracket      )
keyword                  if
punctuation.bracket      (
punctuation.bracket      )
function.builtin         target_compile_definitions
punctuation.bracket      (
constant                 PRIVATE
constant                 UNICODE
punctuation.bracket      )
keyword                  endif
punctuation.bracket      ()
function.builtin         message
punctuation.bracket      (
constant                 STATUS
string                   "Building 
punctuation.special      ${
variable                 PROJECT_NAME
punctuation.special      }
string                   "
punctuation.bracket      )
comment                  # Settings from the environment and the cache.
function.builtin         set
punctuation.bracket      (
variable                 ENV{GREETING}
string                   "Hello
string.escape            \t
string                   world
string.escape            \n
string                   "
punctuation.bracket      )
function.builtin         set
punctuation.bracket      (
variable                 DEMO_LEVEL
keyword                  CACHE
type                     STRING
string                   "Demo level"
punctuation.bracket      )
keyword                  macro
punctuation.bracket      (
function.macro           add_demo
variable.parameter       target
punctuation.bracket      )
function.builtin         add_executable
punctuation.bracket      (
punctuation.special      ${
variable                 target
punctuation.special      }
punctuation.special      ${
variable                 ARGN
punctuation.special      }
punctuation.bracket      )
keyword                  endmacro
punctuation.bracket      ()
keyword                  function
punctuation.bracket      (
function                 show
variable.parameter       value
punctuation.bracket      )
function.builtin         message
punctuation.bracket      (
constant                 STATUS
string                   "value: 
punctuation.special      ${
variable                 value
punctuation.special      }
string                   "
punctuation.bracket      )
keyword                  endfunction
punctuation.bracket      ()
function                 add_demo
punctuation.bracket      (
punctuation.bracket      )
function                 show
punctuation.bracket      (
punctuation.special      ${
variable                 DEMO_LEVEL
punctuation.special      }
punctuation.bracket      )
function.builtin         message
punctuation.bracket      (
constant                 STATUS
string                   "home: 
punctuation.special      $
module                   ENV
punctuation.special      {
variable                 HOME
punctuation.special      }
string                   , level: 
punctuation.special      $
module                   CACHE
punctuation.special      {
variable                 DEMO_LEVEL
punctuation.special      }
string                   "
punctuation.bracket      )
