---
source: crates/syntax/tests/highlights.rs
expression: render(&path)
---
language: lua
keyword.directive        #!/usr/bin/env lua
comment                  -- Greets everyone.
keyword                  local
keyword                  function
function                 greet
punctuation.bracket      (
variable.parameter       name
punctuation.bracket      )
keyword                  return
string                   "Hello, "
operator                 ..
variable                 name
keyword                  end
keyword                  for
variable                 i
operator                 =
number                   1
punctuation.delimiter    ,
number                   3
keyword                  do
function.builtin         print
punctuation.bracket      (
function                 greet
punctuation.bracket      (
variable                 i
punctuation.bracket      ))
keyword                  end
keyword                  local
constant                 MAX
punctuation.bracket      <
attribute                const
punctuation.bracket      >
operator                 =
number                   10
keyword                  local
variable                 point
operator                 =
constructor              {
property                 x
operator                 =
number                   1
punctuation.delimiter    ,
property                 y
operator                 =
number                   2
constructor              }
keyword                  for
variable                 i
operator                 =
number                   1
punctuation.delimiter    ,
constant                 MAX
keyword                  do
keyword                  if
variable                 i
operator                 %
number                   2
operator                 ==
number                   0
keyword                  then
keyword                  goto
variable                 continue
keyword                  end
function.builtin         print
punctuation.bracket      (
variable                 i
punctuation.delimiter    ,
variable                 point
punctuation.delimiter    .
property                 x
punctuation.bracket      )
label                    ::
variable                 continue
label                    ::
keyword                  end
