---
source: crates/syntax/tests/highlights.rs
expression: render(&path)
---
language: erlang
operator                 -
keyword                  module
punctuation.bracket      (
module                   greeting
punctuation.bracket      )
punctuation.delimiter    .
operator                 -
keyword                  export
punctuation.bracket      ([
function                 render
operator                 /
number                   1
punctuation.bracket      ])
punctuation.delimiter    .
comment                  %% A greeting, twice.
function                 render
punctuation.bracket      (
variable                 Name
punctuation.bracket      )
keyword                  when
function                 is_list
punctuation.bracket      (
variable                 Name
punctuation.bracket      )
operator                 ->
variable                 Parts
operator                 =
punctuation.bracket      [
module                   io_lib
operator                 :
function                 format
punctuation.bracket      (
string                   "Hello, ~s!"
punctuation.delimiter    ,
punctuation.bracket      [
variable                 Name
punctuation.bracket      ])
operator                 ||
comment                  _
operator                 <-
module                   lists
operator                 :
function                 seq
punctuation.bracket      (
number                   1
punctuation.delimiter    ,
number                   2
punctuation.bracket      )]
punctuation.delimiter    ,
module                   lists
operator                 :
function                 flatten
punctuation.bracket      (
module                   lists
operator                 :
function                 join
punctuation.bracket      (
string                   " "
punctuation.delimiter    ,
variable                 Parts
punctuation.bracket      ))
punctuation.delimiter    .
operator                 -
keyword                  define
punctuation.bracket      (
constant                 TIMES
punctuation.delimiter    ,
number                   2
punctuation.bracket      )
punctuation.delimiter    .
operator                 -
keyword                  record
punctuation.bracket      (
type                     greeting
punctuation.delimiter    ,
punctuation.bracket      {
property                 name
operator                 ::
function                 string
punctuation.bracket      ()
punctuation.delimiter    ,
property                 times
operator                 =
constant                 TIMES
operator                 ::
function                 integer
punctuation.bracket      ()})
punctuation.delimiter    .
operator                 -
keyword                  spec
function                 times
punctuation.bracket      (
operator                 #
type                     greeting
punctuation.bracket      {})
operator                 ->
function                 integer
punctuation.bracket      ()
punctuation.delimiter    .
function                 times
punctuation.bracket      (
operator                 #
type                     greeting
punctuation.bracket      {
property                 times
operator                 =
variable                 Times
punctuation.bracket      })
operator                 ->
variable                 Times
punctuation.delimiter    .
operator                 -
keyword                  define
punctuation.bracket      (
keyword.directive        debug
punctuation.bracket      (
variable                 Value
punctuation.bracket      )
punctuation.delimiter    ,
module                   io
operator                 :
function                 format
punctuation.bracket      (
string                   "~p~n"
punctuation.delimiter    ,
punctuation.bracket      [
variable                 Value
punctuation.bracket      ]))
punctuation.delimiter    .
function                 show
punctuation.bracket      (
variable                 Value
punctuation.bracket      )
operator                 ->
keyword.directive        debug
punctuation.bracket      (
variable                 Value
punctuation.bracket      )
punctuation.delimiter    .
