---
source: crates/syntax/tests/highlights.rs
expression: render(&path)
---
language: objc
keyword.directive        #import
string                   <Foundation/Foundation.h>
comment                  // A greeting, twice.
keyword                  @interface
type                     Greeting
type                     NSObject
keyword                  @property
constant                 nonatomic
constant                 copy
type                     NSString
operator                 *
variable                 name
punctuation.delimiter    ;
keyword                  -
type                     NSString
operator                 *
variable                 render
punctuation.delimiter    ;
keyword                  @end
keyword                  @implementation
type                     Greeting
keyword                  -
type                     NSString
operator                 *
variable                 render
keyword                  return
variable                 NSString
variable                 stringWithFormat
punctuation.special      @
string                   "Hello, %@! Hello, %@!"
variable.builtin         self
punctuation.delimiter    .
property                 name
variable.builtin         self
punctuation.delimiter    .
property                 name
punctuation.delimiter    ;
keyword                  @end
type                     int
function                 main
type                     void
type                     Greeting
operator                 *
variable                 greeting
operator                 =
variable                 Greeting
variable                 new
punctuation.delimiter    ;
variable                 greeting
punctuation.delimiter    .
property                 name
operator                 =
punctuation.special      @
string                   "world"
punctuation.delimiter    ;
function                 NSLog
punctuation.special      @
string                   "%@"
variable                 greeting
variable                 render
punctuation.delimiter    ;
keyword                  return
number                   0
punctuation.delimiter    ;
