---
source: crates/syntax/tests/highlights.rs
expression: render(&path)
---
language: makefile
comment                  # Build rules
constant.builtin         CC
operator                 :=
string                   gcc
constant                 all
punctuation.delimiter    :
punctuation.special      $
punctuation.bracket      (
constant.builtin         CC
punctuation.bracket      )
constant                 .PHONY
punctuation.delimiter    :
