---
source: crates/syntax/tests/highlights.rs
expression: render(&path)
---
language: json
string                   "name"
string                   "birchpad"
string                   "version"
number                   1
string                   "tags"
string                   "editor"
constant.builtin         true
constant.builtin         null
