---
source: crates/syntax/tests/highlights.rs
expression: render(&path)
---
language: xml
punctuation.delimiter    <?
keyword                  xml
property                 version
operator                 =
punctuation.delimiter    "
number                   1.0
punctuation.delimiter    "
property                 encoding
operator                 =
punctuation.delimiter    "
string.special           UTF-8
punctuation.delimiter    "?>
punctuation.delimiter    <!
keyword                  DOCTYPE
type                     settings
punctuation.bracket      [
punctuation.delimiter    <!
keyword                  ELEMENT
tag                      settings
punctuation.bracket      (
property                 editor
punctuation.bracket      )
operator                 *
punctuation.delimiter    >
punctuation.delimiter    <!
keyword                  ATTLIST
tag                      editor
property                 tabWidth
type.builtin             CDATA
attribute                #IMPLIED
punctuation.delimiter    >
punctuation.delimiter    <!
keyword                  ENTITY
constant                 product
punctuation.delimiter    "
string                   Birchpad
punctuation.delimiter    ">
punctuation.delimiter    <!
keyword                  NOTATION
constant                 png
keyword                  SYSTEM
punctuation.delimiter    "
markup.link              image/png
punctuation.delimiter    ">
punctuation.delimiter    <!
keyword                  ENTITY
constant                 logo
keyword                  SYSTEM
punctuation.delimiter    "
markup.link              logo.png
punctuation.delimiter    "
keyword                  NDATA
label                    png
punctuation.delimiter    >
punctuation.bracket      ]
punctuation.delimiter    >
comment                  <!-- Settings -->
punctuation.delimiter    <
tag                      settings
property                 version
operator                 =
punctuation.delimiter    "
string                   1
punctuation.delimiter    ">
punctuation.delimiter    <
tag                      editor
property                 tabWidth
operator                 =
punctuation.delimiter    "
string                   4
punctuation.delimiter    ">
punctuation.delimiter    </
tag                      editor
punctuation.delimiter    >
punctuation.delimiter    <
tag                      script
punctuation.delimiter    >
markup.heading           <![CDATA
punctuation.bracket      [
markup.raw                raw <text> 
markup.heading           ]]>
punctuation.delimiter    </
tag                      script
punctuation.delimiter    >
punctuation.delimiter    <
tag                      name
punctuation.delimiter    >
constant                 &product;
punctuation.delimiter    </
tag                      name
punctuation.delimiter    >
punctuation.delimiter    </
tag                      settings
punctuation.delimiter    >
