---
source: crates/syntax/tests/highlights.rs
expression: render(&path)
---
language: php
tag                      <?php
comment                  // Greets someone.
keyword                  function
function                 greet
type.builtin             string
operator                 $
variable                 name
type.builtin             string
keyword                  return
string                   "Hello, 
operator                 $
variable                 name
string                   !"
keyword                  echo
function                 greet
string                   "world"
