---
source: crates/syntax/tests/highlights.rs
expression: render(&path)
---
language: dart
keyword                  import
string                   'dart:math'
punctuation.delimiter    ;
comment                  /// A greeting, twice.
keyword                  class
type                     Greeting
punctuation.bracket      {
keyword                  final
type.builtin             String
variable                 name
punctuation.delimiter    ;
keyword                  final
type.builtin             int
variable                 times
punctuation.delimiter    ;
keyword                  const
constructor              Greeting
punctuation.bracket      (
keyword                  this
punctuation.delimiter    .
variable.parameter       name
punctuation.delimiter    ,
punctuation.bracket      {
keyword                  this
punctuation.delimiter    .
variable.parameter       times
operator                 =
number                   2
punctuation.bracket      })
punctuation.delimiter    ;
type.builtin             String
function.method          render
punctuation.bracket      ()
operator                 =>
punctuation.delimiter    .
function.method          filled
punctuation.bracket      (
function                 max
punctuation.bracket      (
punctuation.delimiter    ,
number                   1
punctuation.bracket      )
punctuation.delimiter    ,
string                   'Hello, $name!'
punctuation.bracket      )
punctuation.delimiter    .
function.method          join
punctuation.bracket      (
string                   ' '
punctuation.bracket      )
punctuation.delimiter    ;
punctuation.bracket      }
type.builtin             void
function                 main
punctuation.bracket      ()
punctuation.bracket      {
function                 print
punctuation.bracket      (
keyword                  const
type                     Greeting
punctuation.bracket      (
string                   'world'
punctuation.bracket      )
punctuation.delimiter    .
function.method          render
punctuation.bracket      ())
punctuation.delimiter    ;
punctuation.bracket      }
