---
source: crates/syntax/tests/highlights.rs
expression: render(&path)
---
language: javascript
comment                  // Greets the world.
keyword                  const
function                 greet
operator                 =
punctuation.bracket      (
variable                 name
punctuation.bracket      )
operator                 =>
string                   `Hello, 
punctuation.special      ${
variable                 name
punctuation.special      }
string                   !`
punctuation.delimiter    ;
keyword                  class
constructor              Greeter
keyword                  extends
constructor              Base
punctuation.bracket      {
function.method          constructor
punctuation.bracket      ()
punctuation.bracket      {
variable.builtin         super
punctuation.bracket      ()
punctuation.delimiter    ;
variable.builtin         this
punctuation.delimiter    .
property                 count
operator                 =
number                   42
punctuation.delimiter    ;
punctuation.bracket      }
punctuation.bracket      }
keyword                  export
keyword                  default
variable                 greet
punctuation.delimiter    ;
