---
source: crates/syntax/tests/highlights.rs
expression: render(&path)
---
language: tsx
comment                  // A component.
keyword                  export
keyword                  function
type                     Hello
punctuation.bracket      ({
punctuation.bracket      }
punctuation.bracket      {
property                 name
type.builtin             string
punctuation.bracket      })
punctuation.bracket      {
keyword                  return
punctuation.bracket      <
tag                      div
attribute                className
operator                 =
string                   "hello"
punctuation.bracket      >
punctuation.bracket      {
variable                 name
punctuation.bracket      }
punctuation.bracket      </
tag                      div
punctuation.bracket      >
punctuation.delimiter    ;
punctuation.bracket      }
