---
source: crates/syntax/tests/highlights.rs
expression: render(&path)
---
language: svelte
punctuation.bracket      <
tag                      script
attribute                lang
string                   ts
punctuation.bracket      >
comment                  // A greeting, twice.
keyword                  export
keyword                  let
variable                 name
type.builtin             string
operator                 =
string                   "world"
punctuation.delimiter    ;
keyword                  let
variable                 times
operator                 =
number                   2
punctuation.delimiter    ;
punctuation.bracket      </
tag                      script
punctuation.bracket      >
punctuation.bracket      <
tag                      h1
punctuation.bracket      >
punctuation.bracket      {
variable                 name
punctuation.bracket      }
punctuation.bracket      </
tag                      h1
punctuation.bracket      >
punctuation.bracket      {
tag                      #
keyword                  if
variable                 times
operator                 >
number                   1
punctuation.bracket      }
punctuation.bracket      <
tag                      p
punctuation.bracket      >
punctuation.bracket      {
variable                 name
punctuation.delimiter    .
function.method          toUpperCase
punctuation.bracket      ()}
punctuation.bracket      </
tag                      p
punctuation.bracket      >
punctuation.bracket      {
tag                      /
keyword                  if
punctuation.bracket      }
punctuation.bracket      <
tag                      style
punctuation.bracket      >
tag                      h1
punctuation.bracket      {
property                 color
punctuation.delimiter    :
punctuation.delimiter    ;
punctuation.bracket      }
punctuation.bracket      </
tag                      style
punctuation.bracket      >
