---
source: crates/syntax/tests/highlights.rs
expression: render(&path)
---
language: sql
comment                  -- Active users
keyword                  SELECT
property                 id
punctuation.delimiter    ,
property                 name
keyword                  FROM
type                     users
keyword                  WHERE
property                 active
operator                 =
boolean                  TRUE
keyword.operator         AND
property                 age
operator                 >
string                   18
keyword                  ORDER
keyword.operator         BY
property                 name
punctuation.delimiter    ;
