---
source: crates/syntax/tests/highlights.rs
expression: render(&path)
---
language: yaml
attribute                %YAML 1.2
punctuation.special      ---
comment                  # Workflow
property                 name
punctuation.delimiter    :
string                   CI
property                 on
punctuation.delimiter    :
property                 push
punctuation.delimiter    :
property                 branches
punctuation.delimiter    :
punctuation.bracket      [
string                   main
punctuation.bracket      ]
property                 jobs
punctuation.delimiter    :
property                 test
punctuation.delimiter    :
punctuation.bracket      {
property                 runs-on
punctuation.delimiter    :
string                   ubuntu-latest
punctuation.bracket      }
property                 defaults
punctuation.delimiter    :
punctuation.special      &
label                    defaults
property                 retries
punctuation.delimiter    :
number                   3
property                 ratio
punctuation.delimiter    :
number                   1.5
property                 enabled
punctuation.delimiter    :
boolean                  true
property                 missing
punctuation.delimiter    :
constant.builtin         null
property                 tagged
punctuation.delimiter    :
type                     !!str
number                   42
property                 production
punctuation.delimiter    :
property                 <<
punctuation.delimiter    :
punctuation.special      *
label                    defaults
