---
source: crates/syntax/tests/highlights.rs
expression: render(&path)
---
language: go
keyword                  package
keyword                  import
string                   "fmt"
comment                  // main prints a greeting.
keyword                  func
variable                 main
variable                 name
operator                 :=
string                   "world"
variable                 fmt
property                 Printf
string                   "Hello, %s!
escape                   \n
string                   "
variable                 name
comment                  // Point is a position on a grid.
keyword                  type
type                     Point
keyword                  struct
property                 X
property                 Y
type                     int
keyword                  func
variable                 p
type                     Point
property                 Sum
type                     int
keyword                  return
variable                 p
property                 X
operator                 +
variable                 p
property                 Y
