---
source: crates/syntax/tests/highlights.rs
expression: render(&path)
---
language: bash
comment                  #!/bin/bash
comment                  # Greets everyone.
keyword                  for
property                 name
keyword                  in
string                   "
operator                 $
string                   @"
keyword                  do
function                 echo
string                   "Hello, 
embedded                 ${
property                 name
embedded                 }
string                   !"
operator                 >
keyword                  done
function                 exit
property                 TIMES
property                 count
property                 TIMES
function                 echo
string                   "
operator                 $
property                 HOME
string                    has 
operator                 $
property                 count
string                   "
function                 ls
constant                 -la
number                   2
operator                 >
