---
source: crates/syntax/tests/highlights.rs
expression: render(&path)
---
language: batch
keyword                  @echo off
comment                  REM Build everything
keyword                  set
variable                 TARGET
string                   release
keyword                  if 
string                   "%1"
operator                 ==
string                   "debug"
keyword                   set 
variable                 TARGET
keyword                  =
string                   debug
keyword                  call 
function                 build.cmd
keyword                   
variable                 %TARGET%
keyword                  goto :eof
