---
source: crates/syntax/tests/highlights.rs
expression: render(&path)
---
language: zig
keyword                  const
module                   std
operator                 =
keyword                  @import
punctuation.bracket      (
string                   "std"
punctuation.bracket      )
punctuation.delimiter    ;
comment                  /// A greeting, twice.
keyword                  pub
keyword                  fn
function                 main
punctuation.bracket      ()
operator                 !
type.builtin             void
punctuation.bracket      {
keyword                  const
variable                 name
operator                 =
string                   "world"
punctuation.delimiter    ;
keyword                  var
variable                 i
punctuation.delimiter    :
type.builtin             usize
operator                 =
number                   0
punctuation.delimiter    ;
keyword                  while
punctuation.bracket      (
variable                 i
operator                 <
number                   2
punctuation.bracket      )
punctuation.delimiter    :
punctuation.bracket      (
variable                 i
operator                 +=
number                   1
punctuation.bracket      )
punctuation.bracket      {
variable                 std
punctuation.delimiter    .
variable.member          debug
punctuation.delimiter    .
function                 print
punctuation.bracket      (
string                   "Hello, {s}! "
punctuation.delimiter    ,
punctuation.delimiter    .
punctuation.bracket      {
variable                 name
punctuation.bracket      })
punctuation.delimiter    ;
punctuation.bracket      }
punctuation.bracket      }
