---
source: crates/syntax/tests/highlights.rs
expression: render(&path)
---
language: toml
comment                  # Package
punctuation.bracket      [
type                     package
punctuation.bracket      ]
property                 name
operator                 =
string                   "birchpad"
property                 version
operator                 =
string                   "0.1.0"
property                 features
operator                 =
punctuation.bracket      [
string                   "a"
punctuation.delimiter    ,
string                   "b"
punctuation.bracket      ]
punctuation.bracket      [
type                     package
punctuation.delimiter    .
type                     metadata
punctuation.bracket      ]
property                 publish
operator                 =
boolean                  false
property                 retries
operator                 =
number                   3
property                 ratio
operator                 =
number                   1.5
