---
source: crates/syntax/tests/highlights.rs
expression: render(&path)
---
language: ini
comment                  ; Settings\n
punctuation.bracket      [
type                     editor
punctuation.bracket      ]
property                 tab-width
operator                 =
property                 word-wrap
operator                 =
