---
source: crates/syntax/tests/highlights.rs
expression: render(&path)
---
language: ruby
comment                  # Greets everyone.
keyword                  class
constructor              Greeter
keyword                  def
function.method          greet
punctuation.bracket      (
variable.parameter       name
punctuation.bracket      )
function.method          puts
string                   "Hello, 
punctuation.special      #{
function.method          name
punctuation.bracket      }
string                   !"
keyword                  end
keyword                  end
constructor              Greeter
punctuation.delimiter    .
function.method          new
punctuation.delimiter    .
function.method          greet
punctuation.bracket      (
string.special           :world
punctuation.bracket      )
